[backblue.gif]
[fade.gif]
[index.html]
[noi.openjudge.cn/contests/coming.html]
[noi.openjudge.cn/contests/past.html]
[noi.openjudge.cn/index.html]
[noi.openjudge.cn/auth/login/index.html]
[noi.openjudge.cn/ch0101/index.html]
[noi.openjudge.cn/ch0101/10/index.html]
[noi.openjudge.cn/ch0101/09/index.html]
[noi.openjudge.cn/ch0101/01/index.html]
[noi.openjudge.cn/ch0101/03/index.html]
[noi.openjudge.cn/ch0101/08/index.html]
[noi.openjudge.cn/ch0102/index.html]
[noi.openjudge.cn/ch0102/10/index.html]
[noi.openjudge.cn/ch0102/09/index.html]
[noi.openjudge.cn/ch0102/03/index.html]
[noi.openjudge.cn/ch0102/02/index.html]
[noi.openjudge.cn/ch0102/08/index.html]
[noi.openjudge.cn/ch0103/index.html]
[noi.openjudge.cn/ch0103/16/index.html]
[noi.openjudge.cn/ch0103/13/index.html]
[noi.openjudge.cn/ch0103/19/index.html]
[noi.openjudge.cn/ch0103/20/index.html]
[noi.openjudge.cn/ch0103/12/index.html]
[noi.openjudge.cn/ch0104/index.html]
[noi.openjudge.cn/ch0104/01/index.html]
[noi.openjudge.cn/ch0104/03/index.html]
[noi.openjudge.cn/ch0104/02/index.html]
[noi.openjudge.cn/ch0104/13/index.html]
[noi.openjudge.cn/ch0104/10/index.html]
[noi.openjudge.cn/ch0105/index.html]
[noi.openjudge.cn/ch0105/37/index.html]
[noi.openjudge.cn/ch0105/04/index.html]
[noi.openjudge.cn/ch0105/05/index.html]
[noi.openjudge.cn/ch0105/25/index.html]
[noi.openjudge.cn/ch0105/08/index.html]
[noi.openjudge.cn/ch0106/index.html]
[noi.openjudge.cn/ch0106/08/index.html]
[noi.openjudge.cn/ch0106/07/index.html]
[noi.openjudge.cn/ch0106/01/index.html]
[noi.openjudge.cn/ch0106/06/index.html]
[noi.openjudge.cn/ch0106/02/index.html]
[noi.openjudge.cn/ch0107/index.html]
[noi.openjudge.cn/ch0107/22/index.html]
[noi.openjudge.cn/ch0107/26/index.html]
[noi.openjudge.cn/ch0107/12/index.html]
[noi.openjudge.cn/ch0107/16/index.html]
[noi.openjudge.cn/ch0107/28/index.html]
[noi.openjudge.cn/ch0108/index.html]
[noi.openjudge.cn/ch0108/14/index.html]
[noi.openjudge.cn/ch0108/11/index.html]
[noi.openjudge.cn/ch0108/18/index.html]
[noi.openjudge.cn/ch0108/20/index.html]
[noi.openjudge.cn/ch0108/12/index.html]
[noi.openjudge.cn/ch0109/index.html]
[noi.openjudge.cn/ch0109/11/index.html]
[noi.openjudge.cn/ch0109/01/index.html]
[noi.openjudge.cn/ch0109/14/index.html]
[noi.openjudge.cn/ch0109/15/index.html]
[noi.openjudge.cn/ch0109/06/index.html]
[noi.openjudge.cn/ch0110/index.html]
[noi.openjudge.cn/ch0110/05/index.html]
[noi.openjudge.cn/ch0110/04/index.html]
[noi.openjudge.cn/ch0110/09/index.html]
[noi.openjudge.cn/ch0110/07/index.html]
[noi.openjudge.cn/ch0110/08/index.html]
[noi.openjudge.cn/ch0111/index.html]
[noi.openjudge.cn/ch0111/05/index.html]
[noi.openjudge.cn/ch0111/06/index.html]
[noi.openjudge.cn/ch0111/10/index.html]
[noi.openjudge.cn/ch0111/03/index.html]
[noi.openjudge.cn/ch0111/07/index.html]
[noi.openjudge.cn/ch0112/index.html]
[noi.openjudge.cn/ch0112/09/index.html]
[noi.openjudge.cn/ch0112/10/index.html]
[noi.openjudge.cn/ch0112/03/index.html]
[noi.openjudge.cn/ch0112/08/index.html]
[noi.openjudge.cn/ch0112/05/index.html]
[noi.openjudge.cn/ch0113/index.html]
[noi.openjudge.cn/ch0113/17/index.html]
[noi.openjudge.cn/ch0113/11/index.html]
[noi.openjudge.cn/ch0113/05/index.html]
[noi.openjudge.cn/ch0113/44/index.html]
[noi.openjudge.cn/ch0113/10/index.html]
[noi.openjudge.cn/ch0201/index.html]
[noi.openjudge.cn/ch0201/7623/index.html]
[noi.openjudge.cn/ch0201/7621/index.html]
[noi.openjudge.cn/ch0201/6188/index.html]
[noi.openjudge.cn/ch0201/6187/index.html]
[noi.openjudge.cn/ch0201/1812/index.html]
[noi.openjudge.cn/ch0202/index.html]
[noi.openjudge.cn/ch0202/7592/index.html]
[noi.openjudge.cn/ch0202/6265/index.html]
[noi.openjudge.cn/ch0202/1751/index.html]
[noi.openjudge.cn/ch0202/1750/index.html]
[noi.openjudge.cn/ch0202/6263/index.html]
[noi.openjudge.cn/ch0203/index.html]
[noi.openjudge.cn/ch0203/7891/index.html]
[noi.openjudge.cn/ch0203/7909/index.html]
[noi.openjudge.cn/ch0203/7620/index.html]
[noi.openjudge.cn/ch0203/7617/index.html]
[noi.openjudge.cn/ch0203/7622/index.html]
[noi.openjudge.cn/ch0204/index.html]
[noi.openjudge.cn/ch0205/index.html]
[noi.openjudge.cn/ch0205/1818/index.html]
[noi.openjudge.cn/ch0205/323/index.html]
[noi.openjudge.cn/ch0205/1817/index.html]
[noi.openjudge.cn/ch0205/6266/index.html]
[noi.openjudge.cn/ch0205/1700/index.html]
[noi.openjudge.cn/ch0206/index.html]
[noi.openjudge.cn/ch0206/90/index.html]
[noi.openjudge.cn/ch0206/666/index.html]
[noi.openjudge.cn/ch0206/1944/index.html]
[noi.openjudge.cn/ch0206/1775/index.html]
[noi.openjudge.cn/ch0206/7627/index.html]
[noi.openjudge.cn/ch0207/index.html]
[noi.openjudge.cn/ch0301/index.html]
[noi.openjudge.cn/ch0301/6377/index.html]
[noi.openjudge.cn/ch0302/index.html]
[noi.openjudge.cn/ch0302/1748/index.html]
[noi.openjudge.cn/ch0302/6379/index.html]
[noi.openjudge.cn/ch0302/6378/index.html]
[noi.openjudge.cn/ch0303/index.html]
[noi.openjudge.cn/ch0303/1696/index.html]
[noi.openjudge.cn/ch0304/index.html]
[noi.openjudge.cn/ch0305/index.html]
[noi.openjudge.cn/ch0306/index.html]
[noi.openjudge.cn/ch0307/index.html]
[noi.openjudge.cn/ch0308/index.html]
[noi.openjudge.cn/ch0309/index.html]
[noi.openjudge.cn/ch0310/index.html]
[noi.openjudge.cn/ch0401/index.html]
[noi.openjudge.cn/ch0402/index.html]
[noi.openjudge.cn/ch0403/index.html]
[noi.openjudge.cn/ch0404/index.html]
[noi.openjudge.cn/ch0405/index.html]
[noi.openjudge.cn/ch0406/index.html]
[noi.openjudge.cn/ch0406/2704/index.html]
[noi.openjudge.cn/ch0406/2469/index.html]
[noi.openjudge.cn/ch0406/1768/index.html]
[noi.openjudge.cn/ch0407/index.html]
[noi.openjudge.cn/ch0407/7591/index.html]
[noi.openjudge.cn/math/index.html]
[noi.openjudge.cn/math/7834/index.html]
[noi.openjudge.cn/math/7833/index.html]
[noi.openjudge.cn/math/7832/index.html]
[noi.openjudge.cn/math/7831/index.html]
[noi.openjudge.cn/math/7830/index.html]
[noi.openjudge.cn/contests/coming.html]
[noi.openjudge.cn/contests/past.html]
[noi.openjudge.cn/20150801test/index.html]
[noi.openjudge.cn/20150801ptest/index.html]
[noi.openjudge.cn/20150202test/index.html]
[noi.openjudge.cn/ch0101/02/index.html]
[noi.openjudge.cn/ch0101/04/index.html]
[noi.openjudge.cn/ch0101/05/index.html]
[noi.openjudge.cn/ch0101/06/index.html]
[noi.openjudge.cn/ch0101/07/index.html]
[noi.openjudge.cn/ch0102/01/index.html]
[noi.openjudge.cn/ch0102/04/index.html]
[noi.openjudge.cn/ch0102/05/index.html]
[noi.openjudge.cn/ch0102/06/index.html]
[noi.openjudge.cn/ch0102/07/index.html]
[noi.openjudge.cn/ch0103/01/index.html]
[noi.openjudge.cn/ch0103/02/index.html]
[noi.openjudge.cn/ch0103/03/index.html]
[noi.openjudge.cn/ch0103/04/index.html]
[noi.openjudge.cn/ch0103/05/index.html]
[noi.openjudge.cn/ch0103/06/index.html]
[noi.openjudge.cn/ch0103/07/index.html]
[noi.openjudge.cn/ch0103/08/index.html]
[noi.openjudge.cn/ch0103/09/index.html]
[noi.openjudge.cn/ch0103/10/index.html]
[noi.openjudge.cn/ch0103/11/index.html]
[noi.openjudge.cn/ch0103/14/index.html]
[noi.openjudge.cn/ch0103/15/index.html]
[noi.openjudge.cn/ch0103/17/index.html]
[noi.openjudge.cn/ch0103/18/index.html]
[noi.openjudge.cn/ch0104/04/index.html]
[noi.openjudge.cn/ch0104/05/index.html]
[noi.openjudge.cn/ch0104/06/index.html]
[noi.openjudge.cn/ch0104/07/index.html]
[noi.openjudge.cn/ch0104/08/index.html]
[noi.openjudge.cn/ch0104/09/index.html]
[noi.openjudge.cn/ch0104/11/index.html]
[noi.openjudge.cn/ch0104/12/index.html]
[noi.openjudge.cn/ch0104/14/index.html]
[noi.openjudge.cn/ch0104/15/index.html]
[noi.openjudge.cn/ch0104/16/index.html]
[noi.openjudge.cn/ch0104/17/index.html]
[noi.openjudge.cn/ch0104/18/index.html]
[noi.openjudge.cn/ch0104/19/index.html]
[noi.openjudge.cn/ch0104/20/index.html]
[noi.openjudge.cn/ch0105/01/index.html]
[noi.openjudge.cn/ch0105/02/index.html]
[noi.openjudge.cn/ch0105/03/index.html]
[noi.openjudge.cn/ch0105/06/index.html]
[noi.openjudge.cn/ch0105/07/index.html]
[noi.openjudge.cn/ch0105/09/index.html]
[noi.openjudge.cn/ch0105/10/index.html]
[noi.openjudge.cn/ch0105/11/index.html]
[noi.openjudge.cn/ch0105/12/index.html]
[noi.openjudge.cn/ch0105/13/index.html]
[noi.openjudge.cn/ch0105/15/index.html]
[noi.openjudge.cn/ch0105/16/index.html]
[noi.openjudge.cn/ch0105/17/index.html]
[noi.openjudge.cn/ch0105/18/index.html]
[noi.openjudge.cn/ch0105/19/index.html]
[noi.openjudge.cn/ch0105/20/index.html]
[noi.openjudge.cn/ch0105/21/index.html]
[noi.openjudge.cn/ch0105/22/index.html]
[noi.openjudge.cn/ch0105/23/index.html]
[noi.openjudge.cn/ch0105/24/index.html]
[noi.openjudge.cn/ch0105/26/index.html]
[noi.openjudge.cn/ch0105/27/index.html]
[noi.openjudge.cn/ch0105/28/index.html]
[noi.openjudge.cn/ch0105/29/index.html]
[noi.openjudge.cn/ch0105/30/index.html]
[noi.openjudge.cn/ch0105/31/index.html]
[noi.openjudge.cn/ch0105/32/index.html]
[noi.openjudge.cn/ch0105/33/index.html]
[noi.openjudge.cn/ch0105/34/index.html]
[noi.openjudge.cn/ch0105/35/index.html]
[noi.openjudge.cn/ch0105/36/index.html]
[noi.openjudge.cn/ch0105/38/index.html]
[noi.openjudge.cn/ch0105/39/index.html]
[noi.openjudge.cn/ch0105/40/index.html]
[noi.openjudge.cn/ch0106/03/index.html]
[noi.openjudge.cn/ch0106/04/index.html]
[noi.openjudge.cn/ch0106/05/index.html]
[noi.openjudge.cn/ch0106/09/index.html]
[noi.openjudge.cn/ch0106/10/index.html]
[noi.openjudge.cn/ch0107/01/index.html]
[noi.openjudge.cn/ch0107/02/index.html]
[noi.openjudge.cn/ch0107/03/index.html]
[noi.openjudge.cn/ch0107/04/index.html]
[noi.openjudge.cn/ch0107/05/index.html]
[noi.openjudge.cn/ch0107/06/index.html]
[noi.openjudge.cn/ch0107/07/index.html]
[noi.openjudge.cn/ch0107/08/index.html]
[noi.openjudge.cn/ch0107/09/index.html]
[noi.openjudge.cn/ch0107/10/index.html]
[noi.openjudge.cn/ch0107/11/index.html]
[noi.openjudge.cn/ch0107/13/index.html]
[noi.openjudge.cn/ch0107/14/index.html]
[noi.openjudge.cn/ch0107/15/index.html]
[noi.openjudge.cn/ch0107/17/index.html]
[noi.openjudge.cn/ch0107/18/index.html]
[noi.openjudge.cn/ch0107/19/index.html]
[noi.openjudge.cn/ch0107/20/index.html]
[noi.openjudge.cn/ch0107/21/index.html]
[noi.openjudge.cn/ch0107/23/index.html]
[noi.openjudge.cn/ch0107/24/index.html]
[noi.openjudge.cn/ch0107/25/index.html]
[noi.openjudge.cn/ch0107/27/index.html]
[noi.openjudge.cn/ch0107/29/index.html]
[noi.openjudge.cn/ch0107/30/index.html]
[noi.openjudge.cn/ch0108/01/index.html]
[noi.openjudge.cn/ch0108/02/index.html]
[noi.openjudge.cn/ch0108/03/index.html]
[noi.openjudge.cn/ch0108/04/index.html]
[noi.openjudge.cn/ch0108/05/index.html]
[noi.openjudge.cn/ch0108/06/index.html]
[noi.openjudge.cn/ch0108/07/index.html]
[noi.openjudge.cn/ch0108/08/index.html]
[noi.openjudge.cn/ch0108/09/index.html]
[noi.openjudge.cn/ch0108/10/index.html]
[noi.openjudge.cn/ch0108/13/index.html]
[noi.openjudge.cn/ch0108/15/index.html]
[noi.openjudge.cn/ch0108/16/index.html]
[noi.openjudge.cn/ch0108/17/index.html]
[noi.openjudge.cn/ch0108/19/index.html]
[noi.openjudge.cn/ch0109/02/index.html]
[noi.openjudge.cn/ch0109/03/index.html]
[noi.openjudge.cn/ch0109/04/index.html]
[noi.openjudge.cn/ch0109/05/index.html]
[noi.openjudge.cn/ch0109/07/index.html]
[noi.openjudge.cn/ch0109/08/index.html]
[noi.openjudge.cn/ch0109/09/index.html]
[noi.openjudge.cn/ch0109/10/index.html]
[noi.openjudge.cn/ch0109/12/index.html]
[noi.openjudge.cn/ch0109/13/index.html]
[noi.openjudge.cn/ch0110/01/index.html]
[noi.openjudge.cn/ch0110/02/index.html]
[noi.openjudge.cn/ch0110/03/index.html]
[noi.openjudge.cn/ch0110/06/index.html]
[noi.openjudge.cn/ch0110/10/index.html]
[noi.openjudge.cn/ch0111/01/index.html]
[noi.openjudge.cn/ch0111/02/index.html]
[noi.openjudge.cn/ch0111/04/index.html]
[noi.openjudge.cn/ch0111/08/index.html]
[noi.openjudge.cn/ch0111/09/index.html]
[noi.openjudge.cn/ch0111/05/index380c.html]
[noi.openjudge.cn/ch0111/06/index380c.html]
[noi.openjudge.cn/ch0111/10/index380c.html]
[noi.openjudge.cn/ch0112/01/index.html]
[noi.openjudge.cn/ch0112/02/index.html]
[noi.openjudge.cn/ch0112/04/index.html]
[noi.openjudge.cn/ch0112/06/index.html]
[noi.openjudge.cn/ch0112/07/index.html]
[noi.openjudge.cn/ch0113/01/index.html]
[noi.openjudge.cn/ch0113/02/index.html]
[noi.openjudge.cn/ch0113/03/index.html]
[noi.openjudge.cn/ch0113/04/index.html]
[noi.openjudge.cn/ch0113/06/index.html]
[noi.openjudge.cn/ch0113/07/index.html]
[noi.openjudge.cn/ch0113/08/index.html]
[noi.openjudge.cn/ch0113/09/index.html]
[noi.openjudge.cn/ch0113/12/index.html]
[noi.openjudge.cn/ch0113/13/index.html]
[noi.openjudge.cn/ch0113/14/index.html]
[noi.openjudge.cn/ch0113/15/index.html]
[noi.openjudge.cn/ch0113/16/index.html]
[noi.openjudge.cn/ch0113/18/index.html]
[noi.openjudge.cn/ch0113/19/index.html]
[noi.openjudge.cn/ch0113/20/index.html]
[noi.openjudge.cn/ch0113/21/index.html]
[noi.openjudge.cn/ch0113/22/index.html]
[noi.openjudge.cn/ch0113/23/index.html]
[noi.openjudge.cn/ch0113/24/index.html]
[noi.openjudge.cn/ch0113/25/index.html]
[noi.openjudge.cn/ch0113/26/index.html]
[noi.openjudge.cn/ch0113/27/index.html]
[noi.openjudge.cn/ch0113/28/index.html]
[noi.openjudge.cn/ch0113/29/index.html]
[noi.openjudge.cn/ch0113/30/index.html]
[noi.openjudge.cn/ch0113/31/index.html]
[noi.openjudge.cn/ch0113/32/index.html]
[noi.openjudge.cn/ch0113/33/index.html]
[noi.openjudge.cn/ch0113/34/index.html]
[noi.openjudge.cn/ch0113/35/index.html]
[noi.openjudge.cn/ch0113/36/index.html]
[noi.openjudge.cn/ch0113/37/index.html]
[noi.openjudge.cn/ch0113/38/index.html]
[noi.openjudge.cn/ch0113/39/index.html]
[noi.openjudge.cn/ch0113/40/index.html]
[noi.openjudge.cn/ch0113/41/index.html]
[noi.openjudge.cn/ch0113/42/index.html]
[noi.openjudge.cn/ch0113/43/index.html]
[noi.openjudge.cn/ch0201/1752/index.html]
[noi.openjudge.cn/ch0201/6175/index.html]
[noi.openjudge.cn/ch0201/6184/index.html]
[noi.openjudge.cn/ch0202/2705/index.html]
[noi.openjudge.cn/ch0202/6261/index.html]
[noi.openjudge.cn/ch0202/6262/index.html]
[noi.openjudge.cn/ch0205/6264/index.html]
[noi.openjudge.cn/ch0206/6252/index.html]
[noi.openjudge.cn/ch0206/7614/index.html]
[noi.openjudge.cn/ch0206/7624/index.html]
[noi.openjudge.cn/ch0206/7625/index.html]
[noi.openjudge.cn/ch0206/666/index380c.html]
[noi.openjudge.cn/ch0302/1748/index380c.html]
[noi.openjudge.cn/math/7647/index.html]
[noi.openjudge.cn/math/7648/index.html]
[noi.openjudge.cn/math/7649/index.html]
[noi.openjudge.cn/math/7650/index.html]
[noi.openjudge.cn/math/7651/index.html]
[noi.openjudge.cn/math/7652/index.html]
[noi.openjudge.cn/math/7653/index.html]
[noi.openjudge.cn/math/7654/index.html]
[noi.openjudge.cn/math/7655/index.html]
[noi.openjudge.cn/math/7656/index.html]
[noi.openjudge.cn/math/7657/index.html]
[noi.openjudge.cn/math/7826/index.html]
[noi.openjudge.cn/math/7827/index.html]
[noi.openjudge.cn/math/7828/index.html]
[noi.openjudge.cn/math/7829/index.html]
[noi.openjudge.cn/20150801test/A/index.html]
[noi.openjudge.cn/20150801test/B/index.html]
[noi.openjudge.cn/20150801test/C/index.html]
[noi.openjudge.cn/20150801test/D/index.html]
[noi.openjudge.cn/20150801test/E/index.html]
[noi.openjudge.cn/20150801test/F/index.html]
[noi.openjudge.cn/20150801test/G/index.html]
[noi.openjudge.cn/20150801test/H/index.html]
[noi.openjudge.cn/20150801test/I/index.html]
[noi.openjudge.cn/20150801test/J/index.html]
[noi.openjudge.cn/20150801test/K/index.html]
[noi.openjudge.cn/20150801ptest/A/index.html]
[noi.openjudge.cn/ch0111/04/index380c.html]
[noi.openjudge.cn/ch0111/05/index17d5.html]
[noi.openjudge.cn/20150801ptest/B/index.html]
[noi.openjudge.cn/20150801ptest/C/index.html]
[noi.openjudge.cn/ch0111/06/index17d5.html]
[noi.openjudge.cn/20150801ptest/D/index.html]
[noi.openjudge.cn/20150801ptest/E/index.html]
[noi.openjudge.cn/20150801ptest/F/index.html]
[noi.openjudge.cn/20150801ptest/G/index.html]
[noi.openjudge.cn/20150801ptest/H/index.html]
[noi.openjudge.cn/20150801ptest/I/index.html]
[noi.openjudge.cn/20150801ptest/J/index.html]
[noi.openjudge.cn/20150801ptest/K/index.html]
[noi.openjudge.cn/20150202test/A/index.html]
[noi.openjudge.cn/20150202test/B/index.html]
[noi.openjudge.cn/20150202test/C/index.html]
[noi.openjudge.cn/20150202test/D/index.html]
[noi.openjudge.cn/20150202test/E/index.html]
[noi.openjudge.cn/20150202test/F/index.html]
[noi.openjudge.cn/20150202test/G/index.html]
[noi.openjudge.cn/20150202test/H/index.html]
[noi.openjudge.cn/20150202test/I/index.html]
[noi.openjudge.cn/20150202test/J/index.html]
[noi.openjudge.cn/ch0111/04/index380c.html]
[noi.openjudge.cn/ch0111/10/index17d5.html]
[noi.openjudge.cn/ch0111/05/index17d5.html]
[noi.openjudge.cn/ch0111/06/index17d5.html]
[noi.openjudge.cn/ch0111/10/index17d5.html]
[noi.openjudge.cn/ch0206/666/index17d5.html]
[noi.openjudge.cn/ch0302/1748/index17d5.html]
[noi.openjudge.cn/ch0206/666/index17d5.html]
[noi.openjudge.cn/ch0302/1748/index17d5.html]
[noi.openjudge.cn/ch0111/04/index17d5.html]
[noi.openjudge.cn/ch0111/04/index17d5.html]
